// Jest Snapshot v1, https://goo.gl/fbAQLP

exports[`CartData component test shallow CartData component 1`] = `
<div
  className="container-fluid text-center d-none d-lg-block"
>
  <div
    className="row"
  >
    <div
      className="col-10 mx-auto col-lg-2"
    >
      <p
        className="text-uppercase"
      >
        comics
      </p>
    </div>
    <div
      className="col-10 mx-auto col-lg-2"
    >
      <p
        className="text-uppercase"
      >
        name
      </p>
    </div>
    <div
      className="col-10 mx-auto col-lg-2"
    >
      <p
        className="text-uppercase"
      >
        price
      </p>
    </div>
    <div
      className="col-10 mx-auto col-lg-2"
    >
      <p
        className="text-uppercase"
      >
        quantity
      </p>
    </div>
    <div
      className="col-10 mx-auto col-lg-2"
    >
      <p
        className="text-uppercase"
      >
        remove
      </p>
    </div>
    <div
      className="col-10 mx-auto col-lg-2"
    >
      <p
        className="text-uppercase"
      >
        total
      </p>
    </div>
  </div>
</div>
`;
