// Jest Snapshot v1, https://goo.gl/fbAQLP

exports[`CartItem component test should render CartItem component 1`] = `
<div
  className="row my-2 text-capitilize text-center"
>
  <div
    className="col-10 mx-auto col-lg-2"
  >
    <img
      alt="deadpool"
      className="img-fluid"
      src="https://file/path.jpg"
      style={
        Object {
          "height": "5rem",
          "width": "5rem",
        }
      }
    />
  </div>
  <div
    className="col-10 mx-auto col-lg-2"
  >
    <span
      className="d-lg-none"
    >
      Comic : 
    </span>
     
    deadpool
  </div>
  <div
    className="col-10 mx-auto col-lg-2"
  >
    <span
      className="d-lg-none"
    >
      Price : 
    </span>
    <strong>
      $2.99
    </strong>
  </div>
  <div
    className="col-10 mx-auto col-lg-2 my-2 my-lg-0"
  >
    <div
      className="d-flex justify-content-center"
    >
      <div
        className=""
      >
        <span
          className="btn btn-cart mx-1"
          onClick={[Function]}
        >
          -
        </span>
        <span
          className="btn btn-cart mx-1"
        >
          3
        </span>
        <span
          className="btn btn-cart mx-1"
          onClick={[Function]}
        >
          +
        </span>
      </div>
    </div>
  </div>
  <div
    className="col-10 mx-auto col-lg-2"
  >
    <div
      onClick={[Function]}
      style={
        Object {
          "cursor": "pointer",
        }
      }
    >
      <i
        className="fas fa-trash text-danger"
      />
    </div>
  </div>
  <div
    className="col-10 mx-auto col-lg-2"
  >
    <strong>
      Item total : $ 
      8.97
    </strong>
  </div>
</div>
`;
