// Jest Snapshot v1, https://goo.gl/fbAQLP

exports[`Navbar component test should render Navbar component 1`] = `
<nav
  className="navbar navbar-expand-sm bg-dark   navbar-dark"
>
  <Link
    to="/"
  >
    <img
      alt="store-bag-logo"
      className="navbar-brand"
      src="logo.svg"
    />
  </Link>
  <ul
    className="navbar-nav align-items-center"
  >
    <li
      className="nav-item ml-5"
    >
      <Link
        className="nav-link text-info"
        to="/"
      >
        <h4>
          comics
        </h4>
      </Link>
    </li>
  </ul>
  <Link
    className="ml-auto"
    to="/cart"
  >
    <button
      className="btn btn-info"
    >
      <i
        className="fas fa-cart-arrow-down"
      />
                   
      My Cart
    </button>
  </Link>
</nav>
`;
